error[E0001]: unexpected character
- expected : `reads` or `edits` to lend a resource
- observed : `&`
Location: lexical_errors.clyx:2:21

error[E0005]: invalid escape sequence
- expected : one of `\n`, `\t`, `\r`, `\"`, `\\`, `\{`, `\}`
- observed : `\q`
Location: lexical_errors.clyx:7:20

error[E0002]: unterminated string
- expected : closing `"` on the same line (use `"""` for multi-line text)
- observed : end of line
Location: lexical_errors.clyx:8:12
