error[E0101]: `def` is not supported yet (planned for M5)
- observed : `def`
Location: m1_future.clyx:4:1

error[E0101]: `agent` is not supported yet (planned for M5)
- observed : `agent`
Location: m1_future.clyx:8:9

error[E0101]: `loop` is not supported yet (planned for M5)
- observed : `loop`
Location: m1_future.clyx:10:9

error[E0101]: `after` is not supported yet (planned for M6)
- observed : `after`
Location: m1_future.clyx:12:5
