error[E0302]: tool has no effect
- expected : `effect read`, `effect write`, `effect write once` or `effect sandbox`
- observed : no `effect` property
Location: m1_tools.clyx:2:6

error[E0303]: invalid effect
- expected : `read`, `write`, `write once` or `sandbox`
- observed : `delete`
Location: m1_tools.clyx:6:5

error[E0304]: `write once` tool needs a policy for uncertain outcomes
- expected : `on_uncertain verify(...)`, `on_uncertain pause` or `on_uncertain accept_loss`
- observed : no `on_uncertain` property
Location: m1_tools.clyx:8:6

error[E0306]: idempotency key is not a parameter of the tool
- expected : one of the tool's parameters
- observed : `recipient`
Location: m1_tools.clyx:10:21

error[E0305]: invalid value for `max_output`
- expected : a number of tokens, e.g. `4000 tokens`
Location: m1_tools.clyx:11:5

error[E0301]: unknown tool property
- expected : `effect`, `max_output`, `timeout`, `retry_on`, `idempotency_key`, `on_uncertain`, `batch`, `compensate`, `checks`, `repeatable` or `description`
- observed : `color`
Location: m1_tools.clyx:12:5
